<html>
<body>
<pre>
<h1>µVision Build Log</h1>
<h2>Tool Versions:</h2>
IDE-Version: ¦ÌVision V5.27.1.0
Copyright (C) 2019 ARM Ltd and ARM Germany GmbH. All rights reserved.
License Information: af ASUS, scnu, LIC=65III-TLBTV-YV21Y-I71NM-9SM4L-X7YCS
 
Tool Versions:
Toolchain:       MDK-ARM Plus  Version: 5.27.1.0
Toolchain Path:  D:\MDK5\ARM\ARMCC\Bin
C Compiler:      Armcc.exe V5.06 update 6 (build 750)
Assembler:       Armasm.exe V5.06 update 6 (build 750)
Linker/Locator:  ArmLink.exe V5.06 update 6 (build 750)
Library Manager: ArmAr.exe V5.06 update 6 (build 750)
Hex Converter:   FromElf.exe V5.06 update 6 (build 750)
CPU DLL:         SARMCM3.DLL V5.27.1.0
Dialog DLL:      DCM.DLL V1.17.2.0
Target DLL:      STLink\ST-LINKIII-KEIL_SWO.dll V3.0.6.0
Dialog DLL:      TCM.DLL V1.36.1.0
 
<h2>Project:</h2>
E:\design_stm32\MYPRJ\MDK-ARM\MYPRJ.uvprojx
Project File Date:  01/31/2021

<h2>Output:</h2>
*** Using Compiler 'V5.06 update 6 (build 750)', folder: 'D:\MDK5\ARM\ARMCC\Bin'
Build target 'MYPRJ'
compiling main.c...
..\USER\oled.h(82): warning:  #1-D: last line of file ends without a newline
  	 
../Core/Src/main.c(71): warning:  #167-D: argument of type "char *" is incompatible with parameter of type "uint8_t *"
  		OLED_ShowString(15,1, txt1);
../Core/Src/main.c(73): warning:  #167-D: argument of type "char *" is incompatible with parameter of type "uint8_t *"
  		OLED_ShowString(15,3, txt2);
../Core/Src/main.c(147): warning:  #167-D: argument of type "char *" is incompatible with parameter of type "uint8_t *"
  		OLED_ShowString(15,5, txt1);
../Core/Src/main.c(176): warning:  #167-D: argument of type "char *" is incompatible with parameter of type "uint8_t *"
  		OLED_ShowString(15,5, txt1);
../Core/Src/main.c: 5 warnings, 0 errors
linking...
Program Size: Code=9372 RO-data=904 RW-data=752 ZI-data=1112  
FromELF: creating hex file...
"MYPRJ\MYPRJ.axf" - 0 Error(s), 5 Warning(s).

<h2>Software Packages used:</h2>

Package Vendor: ARM
                http://www.keil.com/pack/ARM.CMSIS.5.5.1.pack
                ARM.CMSIS.5.5.1
                CMSIS (Cortex Microcontroller Software Interface Standard)
   * Component: CORE Version: 5.2.0

Package Vendor: Keil
                http://www.keil.com/pack/Keil.STM32F1xx_DFP.1.0.5.pack
                Keil.STM32F1xx_DFP.1.0.5
                STMicroelectronics STM32F1 Series Device Support, Drivers and Examples

<h2>Collection of Component include folders:</h2>
  .\RTE\_MYPRJ
  D:\MDK5\ARM\PACK\ARM\CMSIS\5.5.1\CMSIS\Core\Include
  D:\MDK5\ARM\PACK\Keil\STM32F1xx_DFP\1.0.5\Device\Include

<h2>Collection of Component Files used:</h2>

   * Component: ARM::CMSIS:CORE:5.2.0
Build Time Elapsed:  00:00:01
</pre>
</body>
</html>
